// Jest Snapshot v1, https://goo.gl/fbAQLP

exports[`Docusaurus: Defaults should render docs 1`] = `
"---
title: "test"
---

# docusaurus-plugin-typedoc

## Modules

- [links](links/index.md)
- [module-1](module-1/index.md)
- [module-2](module-2/index.md)
"
`;

exports[`Docusaurus: Defaults should render sidebar 1`] = `
"// @ts-check
/** @type {import('@docusaurus/plugin-content-docs').SidebarsConfig} */
const typedocSidebar = { items: [{"type":"category","label":"links","items":[{"type":"category","label":"Enumerations","items":[{"type":"doc","id":"out/default/links/enumerations/CommentEnum","label":"CommentEnum"}]},{"type":"category","label":"Interfaces","items":[{"type":"doc","id":"out/default/links/interfaces/CommentInterface","label":"CommentInterface"},{"type":"doc","id":"out/default/links/interfaces/CommentInterfaceExtended","label":"CommentInterfaceExtended"}]}],"link":{"type":"doc","id":"out/default/links/index"}},{"type":"category","label":"module-1","items":[{"type":"category","label":"CategoryA","items":[{"type":"doc","id":"out/default/module-1/classes/ClassA","label":"ClassA"}]},{"type":"category","label":"CategoryB","items":[{"type":"doc","id":"out/default/module-1/classes/ClassB","label":"ClassB"},{"type":"doc","id":"out/default/module-1/classes/ClassC","label":"C̶l̶a̶s̶s̶C̶"},{"type":"doc","id":"out/default/module-1/interfaces/InterfaceA","label":"InterfaceA"},{"type":"doc","id":"out/default/module-1/interfaces/InterfaceB","label":"InterfaceB"}]}],"link":{"type":"doc","id":"out/default/module-1/index"}},{"type":"category","label":"module-2","items":[{"type":"category","label":"Classes","items":[{"type":"doc","id":"out/default/module-2/classes/ClassA","label":"ClassA"},{"type":"doc","id":"out/default/module-2/classes/ClassB","label":"ClassB"}]},{"type":"category","label":"Interfaces","items":[{"type":"doc","id":"out/default/module-2/interfaces/ClassC","label":"C̶l̶a̶s̶s̶C̶"},{"type":"doc","id":"out/default/module-2/interfaces/InterfaceA","label":"InterfaceA"},{"type":"doc","id":"out/default/module-2/interfaces/InterfaceB","label":"InterfaceB"}]}],"link":{"type":"doc","id":"out/default/module-2/index"}}]};
module.exports = typedocSidebar.items;"
`;

exports[`Docusaurus: Global Members should render docs 1`] = `
"# docusaurus-plugin-typedoc

## CategoryA

- [ClassA](classes/ClassA.mdx)

## CategoryB

- [ClassB](classes/ClassB.mdx)
- [~~ClassC~~](classes/ClassC.mdx)
- [InterfaceA](interfaces/InterfaceA.mdx)
- [InterfaceB](interfaces/InterfaceB.mdx)
"
`;

exports[`Docusaurus: Global Members should render links 1`] = `
"# docusaurus-plugin-typedoc

## Enumerations

### CommentEnum

#### Enumeration Members

##### Member

> **Member**: \`0\`

##### MemberB

> **MemberB**: \`1\`

## Interfaces

### CommentInterface\\<T\\>

Comments form module comments

Links using \`{@link}\` inline tags.

- [CommentInterface](index.md#commentinterfacet) - Links to CommentInterface
- [Links to CommentInterface.prop](index.md#prop)
- [Links to CommentInterface.propb](index.md#propb)

#### Extended by

- [\`CommentInterfaceExtended\`](index.md#commentinterfaceextended)

#### Type Parameters

• **T**

#### Properties

##### prop

> **prop**: \`string\`

##### propb

> **propb**: \`T\`

***

### CommentInterfaceExtended

Comments form module comments

Links using \`{@link}\` inline tags.

- [CommentInterface](index.md#commentinterfacet) - Links to CommentInterface
- [Links to CommentInterface.prop](index.md#prop)
- [Links to CommentInterface.propb](index.md#propb)

#### Extends

- [\`CommentInterface\`](index.md#commentinterfacet)\\<[\`CommentEnum\`](index.md#commentenum)\\>

#### Properties

##### prop

> **prop**: \`string\`

###### Inherited from

[\`CommentInterface\`](index.md#commentinterfacet).[\`prop\`](index.md#prop)

##### propb

> **propb**: [\`CommentEnum\`](index.md#commentenum)

###### Inherited from

[\`CommentInterface\`](index.md#commentinterfacet).[\`propb\`](index.md#propb)

##### propc

> **propc**: \`string\`
"
`;

exports[`Docusaurus: Global Members should render sidebar 1`] = `
"// @ts-check
/** @type {import('@docusaurus/plugin-content-docs').SidebarsConfig} */
const typedocSidebar = { items: [
  {
    "type": "category",
    "label": "CategoryA",
    "items": [
      {
        "type": "doc",
        "id": "out/global-members/classes/ClassA",
        "label": "ClassA"
      }
    ]
  },
  {
    "type": "category",
    "label": "CategoryB",
    "items": [
      {
        "type": "doc",
        "id": "out/global-members/classes/ClassB",
        "label": "ClassB"
      },
      {
        "type": "doc",
        "id": "out/global-members/classes/ClassC",
        "label": "C̶l̶a̶s̶s̶C̶"
      },
      {
        "type": "doc",
        "id": "out/global-members/interfaces/InterfaceA",
        "label": "InterfaceA"
      },
      {
        "type": "doc",
        "id": "out/global-members/interfaces/InterfaceB",
        "label": "InterfaceB"
      }
    ]
  }
]};
module.exports = typedocSidebar.items;"
`;
